
Traceback (most recent call last):
  File "/home/diego/Myopt/miniconda3/envs/molsysmt@uibcdf_3.12/bin/jupyter-nbconvert", line 6, in <module>
    from nbconvert.nbconvertapp import main
  File "/home/diego/Myopt/miniconda3/envs/molsysmt@uibcdf_3.12/lib/python3.12/site-packages/nbconvert/__init__.py", line 6, in <module>
    from . import filters, postprocessors, preprocessors, writers
  File "/home/diego/Myopt/miniconda3/envs/molsysmt@uibcdf_3.12/lib/python3.12/site-packages/nbconvert/filters/__init__.py", line 8, in <module>
    from .markdown import (
  File "/home/diego/Myopt/miniconda3/envs/molsysmt@uibcdf_3.12/lib/python3.12/site-packages/nbconvert/filters/markdown.py", line 16, in <module>
    from .markdown_mistune import markdown2html_mistune
  File "/home/diego/Myopt/miniconda3/envs/molsysmt@uibcdf_3.12/lib/python3.12/site-packages/nbconvert/filters/markdown_mistune.py", line 21, in <module>
    from nbconvert.filters.strings import add_anchor
  File "/home/diego/Myopt/miniconda3/envs/molsysmt@uibcdf_3.12/lib/python3.12/site-packages/nbconvert/filters/strings.py", line 23, in <module>
    from nbconvert.preprocessors.sanitize import _get_default_css_sanitizer
  File "/home/diego/Myopt/miniconda3/envs/molsysmt@uibcdf_3.12/lib/python3.12/site-packages/nbconvert/preprocessors/__init__.py", line 3, in <module>
    from nbclient.exceptions import CellExecutionError
  File "/home/diego/Myopt/miniconda3/envs/molsysmt@uibcdf_3.12/lib/python3.12/site-packages/nbclient/__init__.py", line 2, in <module>
    from .client import NotebookClient, execute
  File "/home/diego/Myopt/miniconda3/envs/molsysmt@uibcdf_3.12/lib/python3.12/site-packages/nbclient/client.py", line 19, in <module>
    from nbformat import NotebookNode
  File "/home/diego/Myopt/miniconda3/envs/molsysmt@uibcdf_3.12/lib/python3.12/site-packages/nbformat/__init__.py", line 14, in <module>
    from . import v1, v2, v3, v4
  File "/home/diego/Myopt/miniconda3/envs/molsysmt@uibcdf_3.12/lib/python3.12/site-packages/nbformat/v4/__init__.py", line 24, in <module>
    from .convert import downgrade, upgrade
  File "/home/diego/Myopt/miniconda3/envs/molsysmt@uibcdf_3.12/lib/python3.12/site-packages/nbformat/v4/convert.py", line 12, in <module>
    from nbformat import v3, validator
  File "/home/diego/Myopt/miniconda3/envs/molsysmt@uibcdf_3.12/lib/python3.12/site-packages/nbformat/validator.py", line 17, in <module>
    from .json_compat import ValidationError, _validator_for_name, get_current_validator
  File "/home/diego/Myopt/miniconda3/envs/molsysmt@uibcdf_3.12/lib/python3.12/site-packages/nbformat/json_compat.py", line 13, in <module>
    import jsonschema
  File "/home/diego/Myopt/miniconda3/envs/molsysmt@uibcdf_3.12/lib/python3.12/site-packages/jsonschema/__init__.py", line 13, in <module>
    from jsonschema._format import FormatChecker
  File "/home/diego/Myopt/miniconda3/envs/molsysmt@uibcdf_3.12/lib/python3.12/site-packages/jsonschema/_format.py", line 288, in <module>
    import idna
  File "/home/diego/Myopt/miniconda3/envs/molsysmt@uibcdf_3.12/lib/python3.12/site-packages/idna/__init__.py", line 1, in <module>
    from .core import (
  File "/home/diego/Myopt/miniconda3/envs/molsysmt@uibcdf_3.12/lib/python3.12/site-packages/idna/core.py", line 11, in <module>
    _unicode_dots_re = re.compile("[\u002e\u3002\uff0e\uff61]")
                       ^^^^^^^^^^^^^^^^^^^^^^^^^^^^^^^^^^^^^^^^
  File "/home/diego/Myopt/miniconda3/envs/molsysmt@uibcdf_3.12/lib/python3.12/re/__init__.py", line 228, in compile
    return _compile(pattern, flags)
           ^^^^^^^^^^^^^^^^^^^^^^^^
  File "/home/diego/Myopt/miniconda3/envs/molsysmt@uibcdf_3.12/lib/python3.12/re/__init__.py", line 307, in _compile
    p = _compiler.compile(pattern, flags)
        ^^^^^^^^^^^^^^^^^^^^^^^^^^^^^^^^^
  File "/home/diego/Myopt/miniconda3/envs/molsysmt@uibcdf_3.12/lib/python3.12/re/_compiler.py", line 754, in compile
    code = _code(p, flags)
           ^^^^^^^^^^^^^^^
  File "/home/diego/Myopt/miniconda3/envs/molsysmt@uibcdf_3.12/lib/python3.12/re/_compiler.py", line 587, in _code
    _compile(code, p.data, flags)
  File "/home/diego/Myopt/miniconda3/envs/molsysmt@uibcdf_3.12/lib/python3.12/re/_compiler.py", line 86, in _compile
    charset, hascased = _optimize_charset(av, iscased, tolower, fixes)
                        ^^^^^^^^^^^^^^^^^^^^^^^^^^^^^^^^^^^^^^^^^^^^^^
  File "/home/diego/Myopt/miniconda3/envs/molsysmt@uibcdf_3.12/lib/python3.12/re/_compiler.py", line 369, in _optimize_charset
    charmap = bytes(charmap) # should be hashable
              ^^^^^^^^^^^^^^
KeyboardInterrupt
