
Traceback (most recent call last):
  File "/home/diego/Myopt/miniconda3/envs/molsysmt@uibcdf_3.12/lib/python3.12/site-packages/jsonschema/_format.py", line 304, in <module>
    import rfc3987
ModuleNotFoundError: No module named 'rfc3987'

During handling of the above exception, another exception occurred:

Traceback (most recent call last):
  File "/home/diego/Myopt/miniconda3/envs/molsysmt@uibcdf_3.12/bin/jupyter-nbconvert", line 6, in <module>
    from nbconvert.nbconvertapp import main
  File "/home/diego/Myopt/miniconda3/envs/molsysmt@uibcdf_3.12/lib/python3.12/site-packages/nbconvert/__init__.py", line 6, in <module>
    from . import filters, postprocessors, preprocessors, writers
  File "/home/diego/Myopt/miniconda3/envs/molsysmt@uibcdf_3.12/lib/python3.12/site-packages/nbconvert/filters/__init__.py", line 8, in <module>
    from .markdown import (
  File "/home/diego/Myopt/miniconda3/envs/molsysmt@uibcdf_3.12/lib/python3.12/site-packages/nbconvert/filters/markdown.py", line 16, in <module>
    from .markdown_mistune import markdown2html_mistune
  File "/home/diego/Myopt/miniconda3/envs/molsysmt@uibcdf_3.12/lib/python3.12/site-packages/nbconvert/filters/markdown_mistune.py", line 21, in <module>
    from nbconvert.filters.strings import add_anchor
  File "/home/diego/Myopt/miniconda3/envs/molsysmt@uibcdf_3.12/lib/python3.12/site-packages/nbconvert/filters/strings.py", line 23, in <module>
    from nbconvert.preprocessors.sanitize import _get_default_css_sanitizer
  File "/home/diego/Myopt/miniconda3/envs/molsysmt@uibcdf_3.12/lib/python3.12/site-packages/nbconvert/preprocessors/__init__.py", line 3, in <module>
    from nbclient.exceptions import CellExecutionError
  File "/home/diego/Myopt/miniconda3/envs/molsysmt@uibcdf_3.12/lib/python3.12/site-packages/nbclient/__init__.py", line 2, in <module>
    from .client import NotebookClient, execute
  File "/home/diego/Myopt/miniconda3/envs/molsysmt@uibcdf_3.12/lib/python3.12/site-packages/nbclient/client.py", line 19, in <module>
    from nbformat import NotebookNode
  File "/home/diego/Myopt/miniconda3/envs/molsysmt@uibcdf_3.12/lib/python3.12/site-packages/nbformat/__init__.py", line 14, in <module>
    from . import v1, v2, v3, v4
  File "/home/diego/Myopt/miniconda3/envs/molsysmt@uibcdf_3.12/lib/python3.12/site-packages/nbformat/v4/__init__.py", line 24, in <module>
    from .convert import downgrade, upgrade
  File "/home/diego/Myopt/miniconda3/envs/molsysmt@uibcdf_3.12/lib/python3.12/site-packages/nbformat/v4/convert.py", line 12, in <module>
    from nbformat import v3, validator
  File "/home/diego/Myopt/miniconda3/envs/molsysmt@uibcdf_3.12/lib/python3.12/site-packages/nbformat/validator.py", line 17, in <module>
    from .json_compat import ValidationError, _validator_for_name, get_current_validator
  File "/home/diego/Myopt/miniconda3/envs/molsysmt@uibcdf_3.12/lib/python3.12/site-packages/nbformat/json_compat.py", line 13, in <module>
    import jsonschema
  File "/home/diego/Myopt/miniconda3/envs/molsysmt@uibcdf_3.12/lib/python3.12/site-packages/jsonschema/__init__.py", line 13, in <module>
    from jsonschema._format import FormatChecker
  File "/home/diego/Myopt/miniconda3/envs/molsysmt@uibcdf_3.12/lib/python3.12/site-packages/jsonschema/_format.py", line 328, in <module>
    from rfc3987_syntax import is_valid_syntax as _rfc3987_is_valid_syntax
  File "/home/diego/Myopt/miniconda3/envs/molsysmt@uibcdf_3.12/lib/python3.12/site-packages/rfc3987_syntax/__init__.py", line 1, in <module>
    from .syntax_helpers import *
  File "/home/diego/Myopt/miniconda3/envs/molsysmt@uibcdf_3.12/lib/python3.12/site-packages/rfc3987_syntax/syntax_helpers.py", line 124, in <module>
    is_valid_syntax_ucschar = make_syntax_validator("ucschar")
                              ^^^^^^^^^^^^^^^^^^^^^^^^^^^^^^^^
  File "/home/diego/Myopt/miniconda3/envs/molsysmt@uibcdf_3.12/lib/python3.12/site-packages/rfc3987_syntax/syntax_helpers.py", line 66, in make_syntax_validator
    parser = Lark(grammar, start=rule_name, parser=RFC3987_SYNTAX_PARSER_TYPE)
             ^^^^^^^^^^^^^^^^^^^^^^^^^^^^^^^^^^^^^^^^^^^^^^^^^^^^^^^^^^^^^^^^^
  File "/home/diego/Myopt/miniconda3/envs/molsysmt@uibcdf_3.12/lib/python3.12/site-packages/lark/lark.py", line 374, in __init__
    self.grammar, used_files = load_grammar(grammar, self.source_path, self.options.import_paths, self.options.keep_all_tokens)
                               ^^^^^^^^^^^^^^^^^^^^^^^^^^^^^^^^^^^^^^^^^^^^^^^^^^^^^^^^^^^^^^^^^^^^^^^^^^^^^^^^^^^^^^^^^^^^^^^^
  File "/home/diego/Myopt/miniconda3/envs/molsysmt@uibcdf_3.12/lib/python3.12/site-packages/lark/load_grammar.py", line 1416, in load_grammar
    builder.load_grammar(grammar, source)
  File "/home/diego/Myopt/miniconda3/envs/molsysmt@uibcdf_3.12/lib/python3.12/site-packages/lark/load_grammar.py", line 1241, in load_grammar
    tree = _parse_grammar(grammar_text, grammar_name)
           ^^^^^^^^^^^^^^^^^^^^^^^^^^^^^^^^^^^^^^^^^^
  File "/home/diego/Myopt/miniconda3/envs/molsysmt@uibcdf_3.12/lib/python3.12/site-packages/lark/load_grammar.py", line 980, in _parse_grammar
    return PrepareGrammar().transform(tree)
           ^^^^^^^^^^^^^^^^^^^^^^^^^^^^^^^^
  File "/home/diego/Myopt/miniconda3/envs/molsysmt@uibcdf_3.12/lib/python3.12/site-packages/lark/visitors.py", line 284, in transform
    subtree.children = list(self._transform_children(subtree.children))
                       ^^^^^^^^^^^^^^^^^^^^^^^^^^^^^^^^^^^^^^^^^^^^^^^^
  File "/home/diego/Myopt/miniconda3/envs/molsysmt@uibcdf_3.12/lib/python3.12/site-packages/lark/visitors.py", line 146, in _transform_children
    res = self._transform_tree(c)
          ^^^^^^^^^^^^^^^^^^^^^^^
  File "/home/diego/Myopt/miniconda3/envs/molsysmt@uibcdf_3.12/lib/python3.12/site-packages/lark/visitors.py", line 280, in _transform_tree
    return self._call_userfunc(tree)
           ^^^^^^^^^^^^^^^^^^^^^^^^^
  File "/home/diego/Myopt/miniconda3/envs/molsysmt@uibcdf_3.12/lib/python3.12/site-packages/lark/visitors.py", line 115, in _call_userfunc
    f = getattr(self, tree.data)
        ^^^^^^^^^^^^^^^^^^^^^^^^
  File "/home/diego/Myopt/miniconda3/envs/molsysmt@uibcdf_3.12/lib/python3.12/site-packages/lark/visitors.py", line 492, in __get__
    return _VArgsWrapper(g(self.base_func, instance, owner), self.visit_wrapper)
                         ^^^^^^^^^^^^^^^^^^^^^^^^^^^^^^^^^^
KeyboardInterrupt
