
Traceback (most recent call last):
  File "/home/diego/Myopt/miniconda3/envs/molsysmt@uibcdf_3.12/bin/jupyter-nbconvert", line 6, in <module>
    from nbconvert.nbconvertapp import main
  File "/home/diego/Myopt/miniconda3/envs/molsysmt@uibcdf_3.12/lib/python3.12/site-packages/nbconvert/nbconvertapp.py", line 193, in <module>
    class NbConvertApp(JupyterApp):
  File "/home/diego/Myopt/miniconda3/envs/molsysmt@uibcdf_3.12/lib/python3.12/site-packages/nbconvert/nbconvertapp.py", line 252, in NbConvertApp
    Options include {get_export_names()}.
                     ^^^^^^^^^^^^^^^^^^
  File "/home/diego/Myopt/miniconda3/envs/molsysmt@uibcdf_3.12/lib/python3.12/site-packages/nbconvert/exporters/base.py", line 145, in get_export_names
    e = get_exporter(exporter_name)(config=config)
        ^^^^^^^^^^^^^^^^^^^^^^^^^^^
  File "/home/diego/Myopt/miniconda3/envs/molsysmt@uibcdf_3.12/lib/python3.12/site-packages/nbconvert/exporters/base.py", line 104, in get_exporter
    exporters = entry_points(group="nbconvert.exporters")
                ^^^^^^^^^^^^^^^^^^^^^^^^^^^^^^^^^^^^^^^^^
  File "/home/diego/Myopt/miniconda3/envs/molsysmt@uibcdf_3.12/lib/python3.12/importlib/metadata/__init__.py", line 913, in entry_points
    return EntryPoints(eps).select(**params)
           ^^^^^^^^^^^^^^^^
  File "/home/diego/Myopt/miniconda3/envs/molsysmt@uibcdf_3.12/lib/python3.12/importlib/metadata/__init__.py", line 911, in <genexpr>
    dist.entry_points for dist in _unique(distributions())
                                  ^^^^^^^^^^^^^^^^^^^^^^^^
  File "/home/diego/Myopt/miniconda3/envs/molsysmt@uibcdf_3.12/lib/python3.12/importlib/metadata/_itertools.py", line 18, in unique_everseen
    seen_add(k)
KeyboardInterrupt
